Using spec: /home/opencode/opencode-source/backend_
opencode server listening on http://127.0.0.1:33671
[spec-session] Model: azure/gpt-6-astra
[spec-session] Ready: ses_00f54a94922518f6546c2ec0c1a610c3; inbox /home/opencode/.local/state/spec/sessions/524814-1791179370852412856
[spec-session] Accepted 00000000000000000001.json: msg_aa7bc1ac891adf0eeae56534265af04d40db9e4f81a33cf43fee9689076a9cf2
[tool] grep
[tool] grep completed
[tool] read
[tool] read
[tool] read
[tool] read completed
[tool] read completed
[tool] read completed
[tool] read
[tool] read completed
[tool] read
[tool] read completed
[tool] read
[tool] read completed
timestamp=2026-10-05T05:49:57.112Z level=WARN run=d949edec message="question automatically answered" answers="[[\"Use existing spec build\"]]"
[tool] question
[tool] question completed
[tool] read
[tool] read completed
[tool] read
[tool] grep
[tool] bash
[tool] read completed
[tool] grep completed
[tool] bash completed
I’ll replace `SPEC_OPENCODE` with `SPEC_COMMAND`, pointing to your existing `spec` executable. Save & run will call `spec build <private-snapshot-file>` with `SPEC_BUILD_AUTO=1` so output, exit status, and cancellation stay attached to the web app. I’ll make automatic approval explicit in the UI and docs, and leave the archived launcher unchanged.


[tool] todowrite
# Todos
[•] Refactor execution configuration and adapter to existing spec build launcher
[ ] Update UI, docs, and deterministic execution tests
[ ] Run backend and frontend validation

[tool] todowrite completed
[tool] grep
[tool] grep completed
[tool] bash
[tool] bash completed
[tool] bash
[spec-session] Accepted 00000000000000000002.json: msg_14581a6f7b14f5a91478ead44f6cc0a514155d9d379ae0d8f1a2c0a1ab718873
[spec-session] Accepted 00000000000000000003.json: msg_2a464d212026c30b2af3259a1c6eadb89bf8253e48923ae50732c82c22effe0d
[spec-session] Accepted 00000000000000000004.json: msg_ae9970c10a8c81da95067e20cec69bec3cc032472ff9829da652121de5b6cd73
[spec-session] Accepted 00000000000000000005.json: msg_76f6435b73023ca29029f68d7e4f11436bb23a94e920a93ce27f7df217bc1499
[tool] bash completed
[tool] bash
[tool] bash completed
I’ll finish the tests and documentation, then commit and push the refactor. I’ll leave the unrelated `backend_.out` file out of the commit.


[tool] edit
[tool] edit completed
[tool] edit
[tool] edit completed
[tool] bash
[tool] bash completed
[tool] bash
[tool] bash completed
[tool] bash
[tool] bash completed
[tool] bash
[tool] bash completed
[tool] bash
[tool] bash completed
[tool] bash
[spec-session] The socket connection was closed unexpectedly. For more information, pass `verbose: true` in the second argument to fetch(); reconnecting (live output may have a gap)
[spec-session] Error: OpenCode server exited (137); it will not be restarted
