nohup: ignoring input
Using spec: /home/opencode/spec/fix_shell
[0m
> build · gpt-6-astra
[0m
I’ll check how the Rust server launches spec commands, then configure execution through the SSH host without changing the editing and saving behavior.
[0m• [0mLocate execution configuration[90m Explore Agent[0m
[0m→ [0mRead .
[0m
[0m$ [0mgit status --short
?? backend_.md
?? backend_.md.out
?? backend_.out
?? fix_shell
?? fix_shell.out
?? themes
?? themes.out
[0m
[0m✓ [0mLocate execution configuration[90m Explore Agent[0m
[0m
[0m# [0mTodos
[•] Check SSH connectivity and locate the running server and trusted launcher
[ ] Enable execution in the server startup configuration and restart safely
[ ] Verify the running server reports execution enabled
[0m
[0m→ [0mRead README.md[90m [offset=50, limit=110][0m
[0m→ [0mRead run.sh
[0m
[0m$ [0mps -eo pid,ppid,args
PID    PPID COMMAND
      1       0 /usr/lib/systemd/systemd --system --deserialize=43
      2       0 [kthreadd]
      3       2 [pool_workqueue_release]
      4       2 [kworker/R-rcu_gp]
      5       2 [kworker/R-sync_wq]
      6       2 [kworker/R-kvfree_rcu_reclaim]
      7       2 [kworker/R-slub_flushwq]
      8       2 [kworker/R-netns]
     10       2 [kworker/0:0H-kblockd]
     13       2 [kworker/R-mm_percpu_wq]
     14       2 [ksoftirqd/0]
     15       2 [pr/ttyS0]
     16       2 [rcu_sched]
     17       2 [rcu_exp_par_gp_kthread_worker/0]
     18       2 [rcu_exp_gp_kthread_worker]
     19       2 [migration/0]
     20       2 [kprobe-optimizer]
     21       2 [idle_inject/0]
     22       2 [cpuhp/0]
     23       2 [cpuhp/2]
     24       2 [idle_inject/2]
     25       2 [migration/2]
     26       2 [ksoftirqd/2]
     28       2 [kworker/2:0H-kblockd]
     29       2 [cpuhp/1]
     30       2 [idle_inject/1]
     31       2 [migration/1]
     32       2 [ksoftirqd/1]
     34       2 [kworker/1:0H-kblockd]
     35       2 [cpuhp/3]
     36       2 [idle_inject/3]
     37       2 [migration/3]
     38       2 [ksoftirqd/3]
     40       2 [kworker/3:0H-kblockd]
     41       2 [kdevtmpfs]
     42       2 [kworker/R-inet_frag_wq]
     43       2 [rcu_tasks_kthread]
     44       2 [rcu_tasks_rude_kthread]
     45       2 [kauditd]
     46       2 [khungtaskd]
     48       2 [oom_reaper]
     50       2 [kworker/R-writeback]
     52       2 [kcompactd0]
     53       2 [ksmd]
     54       2 [khugepaged]
     55       2 [kworker/R-kblockd]
     56       2 [kworker/R-blkcg_punt_bio]
     57       2 [kworker/R-kintegrityd]
     58       2 [irq/9-acpi]
     61       2 [kworker/R-tpm_dev_wq]
     62       2 [kworker/R-ata_sff]
     63       2 [kworker/R-md_bitmap]
     64       2 [kworker/R-md_llbitmap_io]
     65       2 [kworker/R-md_llbitmap_unplug]
     66       2 [kworker/R-edac-poller]
     67       2 [kworker/R-hv_vmbus_con]
     68       2 [kworker/R-hv_vmbus_rescind]
     69       2 [kworker/R-hv_pri_chan]
     70       2 [kworker/R-hv_sub_chan]
     71       2 [kworker/R-devfreq_wq]
     72       2 [watchdogd]
     73       2 [kworker/R-quota_events_unbound]
     74       2 [kswapd0]
     75       2 [ecryptfs-kthread]
     76       2 [kworker/R-kthrotld]
     77       2 [kworker/R-acpi_thermal_pm]
     78       2 [kworker/R-nfit]
     79       2 [scsi_eh_0]
     80       2 [kworker/R-nvme-wq]
     81       2 [scsi_eh_1]
     82       2 [kworker/R-scsi_tmf_0]
     83       2 [kworker/R-nvme-reset-wq]
     84       2 [kworker/R-nvme-delete-wq]
     85       2 [kworker/R-scsi_tmf_1]
     86       2 [kworker/R-nvme-auth-wq]
     94       2 [hv_balloon]
     95       2 [kworker/R-mld]
     96       2 [kworker/R-ipv6_addrconf]
     97       2 [kworker/R-kstrp]
     99       2 [kworker/u17:0]
    111       2 [kworker/R-charger_manager]
    112       2 [jbd2/sda1-8]
    113       2 [kworker/R-ext4-rsv-conversion]
    139       2 [kworker/2:1H-kblockd]
    180       2 [kworker/1:1H-kblockd]
    184       2 [kworker/R-kmpathd]
    185       2 [kworker/R-kmpath_handlerd]
    223       1 /sbin/multipathd -d -s
    226       2 [kworker/0:1H-kblockd]
    272       2 [kworker/3:1H-kblockd]
    300       1 /usr/lib/linux-tools/7.0.0-1014-azure/hv_kvp_daemon -n
    315       2 [card1-crtc0]
    457       2 [jbd2/sda16-8]
    458       2 [kworker/R-ext4-rsv-conversion]
    686       2 [kworker/R-cfg80211]
    757       1 @dbus-daemon --system --address=systemd: --nofork --nopidfile --systemd-activation --syslog-only
    762       1 /usr/bin/python3 /usr/bin/networkd-dispatcher --run-startup-triggers
    764       1 /usr/lib/polkit-1/polkitd --no-debug
    771       1 /usr/lib/systemd/systemd-logind
    787       1 /usr/sbin/cron -f -P
    789       1 /usr/sbin/rsyslogd -n -iNONE
    813       1 /sbin/agetty -o -p -- \u --keep-baud 115200,57600,38400,9600 - vt220
    828       1 /sbin/agetty -o -p -- \u --noclear - linux
    829       1 /usr/bin/python3 /usr/share/unattended-upgrades/unattended-upgrade-shutdown --wait-for-signal
    834       1 /usr/sbin/chronyd -F 1
    851     834 /usr/sbin/chronyd -F 1
    876       1 /usr/sbin/ModemManager
    981       2 [kworker/R-tls-strp]
   1133       1 /usr/sbin/uuidd --socket-activation
  12192       1 /usr/lib/systemd/systemd --user
  12194   12192 (sd-pam)
  17814   12192 /usr/bin/dbus-daemon --session --address=systemd: --nofork --nopidfile --systemd-activation --syslog-only
 269565       1 .venv/bin/python app.py
 303547       2 [psimon]
 303565       1 sshd: /usr/sbin/sshd -D [listener] 2 of 10-100 startups
 303567       1 /usr/bin/python3 -u /usr/sbin/waagent -daemon
 303572       1 /usr/lib/systemd/systemd-resolved
 303575       1 /usr/lib/systemd/systemd-udevd
 303593       1 /usr/libexec/udisks2/udisksd
 303602       2 [psimon]
 303603       1 /usr/lib/systemd/systemd-networkd
 303646  303567 /usr/bin/python3 -u bin/WALinuxAgent-2.16.0.2-py3.12.egg -run-exthandlers
 382097       1 /usr/lib/systemd/systemd-journald
 527171       1 /snap/snapd/current/usr/lib/snapd/snapd
 527589       2 [kworker/u16:7-flush-8:0]
 528338       1 setsid --wait bun /home/opencode/opencode-source/script/spec-session.ts /home/opencode/spec /home/opencode/.local/state/spec/sessions/528330-1791180735085114721
 528341  528338 bun /home/opencode/opencode-source/script/spec-session.ts /home/opencode/spec /home/opencode/.local/state/spec/sessions/528330-1791180735085114721
 528350  528341 opencode-source serve --print-logs --log-level WARN --hostname 127.0.0.1 --port 0 --mdns=false
 533201       2 [kworker/2:0-events]
 533203       1 setsid --wait bun /home/opencode/opencode-source/script/spec-session.ts /home/opencode/spec /home/opencode/.local/state/spec/sessions/533191-1791183064515424454
 533206  533203 bun /home/opencode/opencode-source/script/spec-session.ts /home/opencode/spec /home/opencode/.local/state/spec/sessions/533191-1791183064515424454
 533215  533206 opencode-source serve --print-logs --log-level WARN --hostname 127.0.0.1 --port 0 --mdns=false
 534886       2 [kworker/3:2-events]
 537607       2 [kworker/0:1-events]
 537666  303565 sshd: opencode [priv]
 537714  537666 sshd: opencode@pts/0
 537715  537714 -bash
 537849       2 [kworker/1:1-events]
 538051       2 [kworker/0:0-events]
 538069       2 [kworker/u16:0-events_power_efficient]
 538180       2 [kworker/0:2-events]
 538189       2 [kworker/3:0-events]
 538266       2 [kworker/2:1-events]
 538437       2 [kworker/u16:3-writeback]
 538545       2 [kworker/1:0-mm_percpu_wq]
 538912       2 [kworker/2:2-events]
 538913       2 [kworker/3:1-events]
 538920  537715 bash -c . "$HOME/.bash_aliases"; SPEC_BUILD_FOREGROUND=1 spec build "$1" _ /home/opencode/spec/fix_shell
 538921  538920 bash /home/opencode/opencode-source/script/run-spec.sh /home/opencode/spec/fix_shell
 538924  538921 opencode-source run --thinking --dir /home/opencode/spec --agent build error - `Execution is disabled.  To enable it, set SPEC_COMMAND to an absolute trusted spec launcher and restart the Rust server.  Editing and saving work without a model or credentials.`   fix by enabling remote shell execution: as such here is the key  `~/.ssh/opencode-dev-aue_ed25519 opencode@build-host`
 539136       2 [kworker/1:2]
 539145  303565 sshd: [accepted]
 539147  538924 ssh -i /home/opencode/.ssh/opencode-dev-aue_ed25519 -o IdentitiesOnly=yes -o BatchMode=yes -o StrictHostKeyChecking=yes -o ConnectTimeout=10 opencode@build-host hostname; pwd; command -v opencode; command -v spec; ps -eo pid,ppid,args
 539148  303565 sshd: [accepted]
 539149  539148 sshd: [net]
 539150  538924 ps -eo pid,ppid,args
[0m
[0m$ [0mssh -i "$HOME/.ssh/opencode-dev-aue_ed25519" -o IdentitiesOnly=yes -o BatchMode=yes -o StrictHostKeyChecking=yes -o ConnectTimeout=10 opencode@build-host 'hostname; pwd; command -v opencode; command -v spec; ps -eo pid,ppid,args'
Warning: Identity file /home/opencode/.ssh/opencode-dev-aue_ed25519 not accessible: No such file or directory.
No ED25519 host key is known for build-host and you have requested strict checking.
Host key verification failed.
[0m
[0m→ [0mRead /home/opencode/.local/bin
[0m→ [0mRead /home/opencode/.local/bin/spec
[0m
[0m$ [0mhostname -I
private-host
[0m
[0m$ [0mcurl --noproxy '*' --fail --silent --show-error --max-time 5 -H Metadata:true 'http://169.254.169.254/metadata/instance/network/interface/0/ipv4/ipAddress/0/publicIpAddress?api-version=2021-02-01&format=text'
(no output)
[0m
[0m$ [0mcommand -v opencode opencode-source cargo bun; ss -ltnp
/home/opencode/.opencode/bin/opencode
/home/opencode/.local/bin/opencode-source
/home/opencode/.cargo/bin/cargo
/home/opencode/.bun/bin/bun
State  Recv-Q Send-Q Local Address:Port  Peer Address:PortProcess                                      
LISTEN 0      4096         0.0.0.0:22         0.0.0.0:*                                                
LISTEN 0      512        127.0.0.1:38149      0.0.0.0:*    users:(("opencode-source",pid=533215,fd=17))
LISTEN 0      4096   127.0.0.53%lo:53         0.0.0.0:*                                                
LISTEN 0      512        127.0.0.1:4096       0.0.0.0:*    users:(("opencode-source",pid=528350,fd=17))
LISTEN 0      128        127.0.0.1:5000       0.0.0.0:*    users:(("python",pid=269565,fd=3))          
LISTEN 0      4096      127.0.0.54:53         0.0.0.0:*                                                
LISTEN 0      4096            [::]:22            [::]:*
[0m
[0m→ [0mRead backend/src/main.rs[90m [offset=440, limit=120][0m
[0m→ [0mRead backend
[0m
[0m$ [0msystemctl --user list-units --type=service --all --no-pager
UNIT                             LOAD   ACTIVE   SUB     DESCRIPTION
  dbus.service                     loaded active   running D-Bus User Message Bus
  dirmngr.service                  loaded inactive dead    GnuPG network certificate management daemon
  gpg-agent.service                loaded inactive dead    GnuPG cryptographic agent and passphrase cache
  keyboxd.service                  loaded inactive dead    GnuPG public key management service
  launchpadlib-cache-clean.service loaded inactive dead    Clean up old files in the Launchpadlib cache
  nextweb-osv-scan.service         loaded inactive dead    Scan an unscanned nextweb push with OSV Scanner
  pk-debconf-helper.service        loaded inactive dead    debconf communication service
  snapd.session-agent.service      loaded inactive dead    snapd user session agent

Legend: LOAD   → Reflects whether the unit definition was properly loaded.
        ACTIVE → The high-level unit activation state, i.e. generalization of SUB.
        SUB    → The low-level unit activation state, values depend on unit type.

8 loaded units listed.
To show all installed unit files use 'systemctl list-unit-files'.
[0m
[0m→ [0mRead .gitignore
[0m
[0m$ [0mcurl --fail --silent --show-error --max-time 10 https://api.ipify.org
build-host
[0m
[0m$ [0mdeclare -p SSH_CONNECTION SSH_CLIENT 2>/dev/null; hostname; opencode run --help
declare -x SSH_CONNECTION="client-host 42892 private-host 22"
declare -x SSH_CLIENT="client-host 42892 22"
opencode-dev-aue
opencode run [message..]

run opencode with a message

Positionals:
  message  message to send                                                     [array] [default: []]

Options:
  -h, --help         show help                                                             [boolean]
  -v, --version      show version number                                                   [boolean]
      --print-logs   print logs to stderr                                                  [boolean]
      --log-level    log level                  [string] [choices: "DEBUG", "INFO", "WARN", "ERROR"]
      --pure         run without external plugins                                          [boolean]
      --command      the command to run, use message for args                               [string]
  -c, --continue     continue the last session                                             [boolean]
  -s, --session      session id to continue                                                 [string]
      --fork         fork the session before continuing (requires --continue or --session) [boolean]
      --share        share the session                                                     [boolean]
  -m, --model        model to use in the format of provider/model                           [string]
      --agent        agent to use                                                           [string]
      --format       format: default (formatted) or json (raw JSON events)
                                          [string] [choices: "default", "json"] [default: "default"]
  -f, --file         file(s) to attach to message                                            [array]
      --title        title for the session (uses truncated prompt if no value provided)     [string]
      --attach       attach to a running opencode server (e.g., http://localhost:4096)      [string]
  -p, --password     basic auth password (defaults to OPENCODE_SERVER_PASSWORD)             [string]
  -u, --username     basic auth username (defaults to OPENCODE_SERVER_USERNAME or 'opencode')
                                                                                            [string]
      --dir          directory to run in, path on remote server if attaching                [string]
      --port         port for the local server (defaults to random port if no value provided)
                                                                                            [number]
      --variant      model variant (provider-specific reasoning effort, e.g., high, max, minimal)
                                                                                            [string]
      --thinking     show thinking blocks                                                  [boolean]
  -i, --interactive  run in direct interactive split-footer mode          [boolean] [default: false]
      --auto         auto-approve permissions that are not explicitly denied (dangerous!)
                                                                          [boolean] [default: false]
[0m
This workspace is already on `build-host`, so no second SSH connection or private-key copy is needed. The trusted launcher is installed and supports `--auto`; I’ll configure a user service with `SPEC_COMMAND` set explicitly, keeping the web server bound to loopback for SSH access.
[0m→ [0mRead /home/opencode
[0m→ [0mRead /home/opencode/.config/systemd/user
[0m→ [0mRead backend/target/release
[0m→ [0mRead frontend/dist
[0m
[0m$ [0mstat -c '%a %U %n' /home/opencode/.local/bin/spec /home/opencode/spec; loginctl show-user opencode -p Linger; printenv PATH
777 opencode /home/opencode/.local/bin/spec
775 opencode /home/opencode/spec
Linger=no
/home/opencode/.local/bin:/home/opencode/.cargo/bin:/home/opencode/.bun/bin:/home/opencode/.opencode/bin:/usr/local/sbin:/usr/local/bin:/usr/sbin:/usr/bin:/sbin:/bin:/usr/games:/usr/local/games:/snap/bin
[0m
[0m→ [0mRead /home/opencode/specs
[0m
[0m$ [0mstat -Lc '%a %U %n' /home/opencode/.local/bin/spec /home/opencode/specs; readlink -f /home/opencode/.local/bin/spec
775 opencode /home/opencode/.local/bin/spec
775 opencode /home/opencode/specs
/home/opencode/nextweb/tools/eval/spec
[0m
[0m→ [0mRead backend/src/main.rs[90m [offset=1, limit=100][0m
[0m
[0m# [0mTodos
[✓] Check SSH connectivity and locate the running server and trusted launcher
[•] Enable execution in the server startup configuration and restart safely
[ ] Verify the running server reports execution enabled
[0m
[0m% [0mPatch 1 file
[0m
[0m$ [0msystemd-analyze --user verify /home/opencode/.config/systemd/user/spec-web.service
(no output)
[0m
[0m$ [0mcargo test --locked && cargo build --release --locked
Finished `test` profile [unoptimized + debuginfo] target(s) in 0.12s
     Running unittests src/main.rs (target/debug/deps/spec-ce6fe0666c7c90bb)

running 11 tests
test tests::encoded_traversal_is_rejected ... ok
test tests::all_api_routes_require_authentication ... ok
test tests::execution_is_disabled_by_default ... ok
test tests::output_buffers_are_bounded ... ok
test tests::externally_changed_files_are_not_overwritten ... ok
test tests::build_size_limit_does_not_limit_saving ... ok
test tests::symlinks_and_nonregular_files_are_never_read_or_overwritten ... ok
test tests::unsafe_names_and_content_are_rejected ... ok
test tests::save_list_reload_and_conflict_preserve_content ... ok
test tests::run_streams_snapshot_and_can_be_cancelled ... ok
test tests::build_exit_status_and_snapshot_cleanup ... ok

test result: ok. 11 passed; 0 failed; 0 ignored; 0 measured; 0 filtered out; finished in 0.10s

    Finished `release` profile [optimized] target(s) in 0.07s
[0m
[0m$ [0mbun run typecheck && bun run build
$ tsc --noEmit
$ bun typecheck && vite build
$ tsc --noEmit
vite v7.3.6 building client environment for production...
transforming...
✓ 29 modules transformed.
rendering chunks...
computing gzip size...
dist/index.html                   0.44 kB │ gzip:  0.29 kB
dist/assets/index-DY-0WBJZ.css   10.03 kB │ gzip:  2.81 kB
dist/assets/index-BRXXuY1Y.js   232.91 kB │ gzip: 73.11 kB
✓ built in 1.67s
[0m
[0m$ [0msystemctl --user daemon-reload && systemctl --user enable --now spec-web.service && systemctl --user status spec-web.service --no-pager
Created symlink /home/opencode/.config/systemd/user/default.target.wants/spec-web.service → /home/opencode/.config/systemd/user/spec-web.service.
● spec-web.service - Spec web editor with remote build execution
     Loaded: loaded (/home/opencode/.config/systemd/user/spec-web.service; enabled; preset: enabled)
     Active: active (running) since Mon 2026-10-05 07:43:24 UTC; 6ms ago
   Main PID: 539665 (spec)
      Tasks: 5 (limit: 8359)
     Memory: 1.2M (peak: 1.2M)
        CPU: 2ms
     CGroup: /user.slice/user-1000.slice/user@1000.service/app.slice/spec-web.service
             └─539665 /home/opencode/spec/backend/target/release/spec

Oct 05 07:43:24 opencode-dev-aue systemd[12192]: Started spec-web.service - Spec web editor with remote build execution.
Oct 05 07:43:24 opencode-dev-aue spec[539665]: Spec: http://127.0.0.1:4780/#token=576bc076d03e4455a64dbbf685f3fbdb2f19bd3280ca4e3db79c22c825ee9b87
Oct 05 07:43:24 opencode-dev-aue spec[539665]: Workspace: /home/opencode/spec/workspace
Oct 05 07:43:24 opencode-dev-aue spec[539665]: WARNING: spec build runs with SPEC_BUILD_AUTO=1 (automatic tool approval) and your user privileges. Only run trusted specs.
[0m
[0m✱ [0mGrep "Bearer|authorization|fn authenticate|fn auth|/api/config"[90m in backend/src/main.rs · 5 matches[0m
[0m
[0m# [0mTodos
[✓] Check SSH connectivity and locate the running server and trusted launcher
[✓] Enable execution in the server startup configuration and restart safely
[•] Verify the running server reports execution enabled
[0m
[0m$ [0mbun -e 'import { execFileSync } from "node:child_process"; const logs = execFileSync("journalctl", ["--user", "-u", "spec-web.service", "-n", "20", "--no-pager", "-o", "cat"], { encoding: "utf8" }); const token = [...logs.matchAll(/#token=([a-f0-9]+)/g)].at(-1)?.[1]; if (!token) throw new Error("Server token not found"); const base = "http://127.0.0.1:4780"; const config = await fetch(`${base}/api/config`, {headers: {Authorization: `Bearer ${token}`}}); const data = await config.json(); if (!config.ok || data.execution !== true) throw new Error(JSON.stringify(data)); console.log("Authenticated /api/config:", JSON.stringify(data)); const denied = await fetch(`${base}/api/config`); if (denied.status !== 401) throw new Error(`Unexpected unauthenticated status: ${denied.status}`); console.log("Unauthenticated /api/config: 401"); const ui = await fetch(base); if (!ui.ok || !(await ui.text()).includes("/assets/")) throw new Error("Built UI unavailable"); console.log("Web UI: 200 with built assets");'
Authenticated /api/config: {"execution":true}
Unauthenticated /api/config: 401
Web UI: 200 with built assets
[0m
[0m$ [0mgit status --short
?? backend_.md
?? backend_.md.out
?? backend_.out
?? fix_shell
?? fix_shell.out
?? themes
?? themes.out
[0m
[0m$ [0mss -ltnp 'sport = :4780'; stat -c '%a %U %n' /home/opencode/spec/workspace
State  Recv-Q Send-Q Local Address:Port Peer Address:PortProcess
LISTEN 0      128        127.0.0.1:4780      0.0.0.0:*    users:(("spec",pid=539665,fd=10))
700 opencode /home/opencode/spec/workspace
[0m
[0m# [0mTodos
[✓] Check SSH connectivity and locate the running server and trusted launcher
[✓] Enable execution in the server startup configuration and restart safely
[✓] Verify the running server reports execution enabled
[0m
Execution is enabled on `build-host`. This session was already on that server; your SSH private key stays on your computer.

- Created and started user service `spec-web.service`.
- Set `SPEC_COMMAND=/home/opencode/.local/bin/spec`.
- Using private workspace `/home/opencode/spec/workspace`.
- Verified `/api/config` returns `{"execution":true}` and the UI loads.
- All 11 backend tests and the frontend build passed. No live model run was performed.

From your computer, open the tunnel:

```sh
ssh -i ~/.ssh/opencode-dev-aue_ed25519 \
  -o IdentitiesOnly=yes -o ExitOnForwardFailure=yes \
  -L 127.0.0.1:4780:127.0.0.1:4780 \
  opencode@build-host
```

In that remote shell, retrieve the current login URL:

```sh
journalctl --user -u spec-web.service -n 10 --no-pager
```

Open the printed token-bearing URL locally. **Save & run** now permits remote execution with automatic tool approval; only run trusted specs.
Using spec: /home/opencode/spec/fix_shell
opencode server listening on http://127.0.0.1:42815
[spec-session] Model: azure/gpt-6-astra
[spec-session] Ready: ses_b497a9530ccf7c9e7f00a21f266adb5d; inbox /home/opencode/.local/state/spec/sessions/539900-1791186455492167038
[spec-session] Accepted 00000000000000000001.json: msg_f4f0575e237188e9d534ac03e993d5c985f58bc703df87a14e9c75a7ac2d3abf
[tool] read
[tool] read completed
[tool] grep
[tool] read
[tool] grep completed
[tool] read completed
[tool] bash
[tool] bash completed
[tool] read
[tool] read completed
I’ll keep the web server and file editing local, and send only saved-spec builds over SSH. The remote adapter will use the remote `spec` alias/function, stream output back, and expose no arbitrary-command API. I’ll also update configuration, cancellation handling, tests, and the setup instructions.

[tool] read
[tool] read
[tool] read
[tool] read
[tool] read
[tool] read completed
[tool] read completed
[tool] read completed
[tool] read completed
[tool] read completed
[spec-session] Accepted 00000000000000000002.json: msg_178b2ce18d53c4a7ae981382c7a9d23f74d7078362e16abf2afef40948ae8d09
[tool] todowrite
# Todos
[•] Implement SSH-only build adapter with remote alias, snapshots, and cleanup
[ ] Update UI and documentation for local web / remote build setup
[ ] Adapt execution tests and run backend/frontend checks

[tool] todowrite completed
[tool] write
[tool] write completed
[tool] write
[tool] write completed
[tool] write
[tool] write completed
[tool] bash
[tool] bash completed
[tool] edit
[tool] edit completed
[tool] edit
[tool] edit completed
The SSH adapter now keeps the web backend local and invokes a fixed `spec build` command remotely. It transfers the saved snapshot over stdin, sources the remote `~/.bash_aliases`, and requests foreground mode so output stays attached. I’ll test the supervisor with a local SSH stand-in, then commit and push only the refactor files.

[tool] bash
[tool] bash completed
[tool] bash
[tool] bash completed
[tool] bash
[tool] bash completed
[tool] bash
[tool] bash completed
[tool] write
[tool] write completed
[tool] bash
[tool] bash completed
[tool] read
[tool] read completed
[tool] read
[tool] read completed
[tool] read
[tool] bash
[tool] read completed
[tool] bash
[tool] bash completed
[tool] bash completed
[tool] bash
[tool] bash completed
[tool] read
[tool] read completed
[tool] edit
[tool] edit completed
[tool] bash
[tool] bash completed
[tool] bash
[tool] bash completed
[tool] read
[tool] read completed
[tool] grep
[tool] grep completed
[tool] bash
[tool] bash completed
[tool] todowrite
# Todos
[✓] Implement SSH-only build adapter with remote alias, snapshots, and cleanup
[✓] Update UI and documentation for local web / remote build setup
[•] Adapt execution tests and run backend/frontend checks
[ ] Commit targeted changes and push to origin/dev

[tool] todowrite completed
[tool] edit
[tool] edit completed
The tests pass for remote aliases/functions, separate local and remote workspaces, snapshot safety, output streaming, cancellation, connection loss, and the remote timeout watchdog. The docs now describe the local-web/remote-build setup, and `SPEC_COMMAND` has been replaced by SSH settings.

I’m running the final checks before committing and pushing to `origin/dev`. No live SSH host or model call has been used for validation.

[tool] bash
[tool] bash
[tool] bash
[tool] bash
[tool] bash completed
[tool] bash completed
[tool] bash completed
[tool] bash completed
[tool] bash
[tool] bash completed
[tool] todowrite
# Todos
[✓] Implement SSH-only build adapter with remote alias, snapshots, and cleanup
[✓] Update UI and documentation for local web / remote build setup
[✓] Adapt execution tests and run backend/frontend checks
[•] Commit targeted changes and push to origin/dev

[tool] todowrite completed
[tool] bash
[tool] bash completed
[tool] bash
[tool] bash completed
[tool] todowrite
# Todos
[✓] Implement SSH-only build adapter with remote alias, snapshots, and cleanup
[✓] Update UI and documentation for local web / remote build setup
[✓] Adapt execution tests and run backend/frontend checks
[✓] Commit targeted changes and push to origin/dev

[tool] todowrite completed
Committed and pushed to `origin/dev`: **`74e8d9e`**.

- Web backend, browser, and editing stay **local**.
- Only `spec build` runs **remotely over SSH**, using the remote `~/.bash_aliases`.
- Added snapshot transfer, streamed output, cancellation, and a remote timeout watchdog.
- Removed `SPEC_COMMAND` configuration.

Start on your **local computer**:

```sh
unset SPEC_COMMAND
SPEC_SSH_TARGET="opencode@build-host" \
SPEC_SSH_KEY="$HOME/.ssh/opencode-dev-aue_ed25519" \
SPEC_SSH_WORKSPACE="/home/opencode/spec" \
SPEC_WORKSPACE="$HOME/specs" \
./run.sh
```

Verify the SSH host key beforehand. The remote alias must support foreground builds; automatic tool approval is requested. Only the saved spec is transferred—not your entire local workspace.

**Validation:** 16 backend tests, 5 frontend tests, and 8 browser tests passed, plus formatting, Clippy, typechecking, and builds. No live SSH/model execution was tested. Unrelated scratch files were left untouched.

