Using spec: /home/opencode/spec/themes
opencode server listening on http://127.0.0.1:38149
[spec-session] Model: azure/gpt-6-astra
[spec-session] Ready: ses_9bd3e38740c565bc90d0e2e5bf194b2d; inbox /home/opencode/.local/state/spec/sessions/533191-1791183064515424454
[spec-session] Accepted 00000000000000000001.json: msg_5af835732a87311810392f04b8080895867008e581ef345f29b98ec5874ced60
I’ll look at `../nextweb` and this project, then adapt its color palette and rainbow styling to fit the existing layout.

[tool] read
[tool] read completed
[tool] read
[tool] read completed
[tool] bash
[tool] read
[tool] bash completed
[tool] read completed
[tool] read
[tool] read completed
[tool] todowrite
# Todos
[•] Inspect both frontends and identify nextweb’s palette and rainbow treatments
[ ] Apply the visual style while preserving workspace behavior and responsive layout
[ ] Run frontend checks and review the resulting changes

[tool] todowrite completed
[tool] read
[tool] read completed
[tool] read
[tool] read completed
[tool] bash
[tool] bash completed
[tool] read
[tool] read completed
[tool] bash
[tool] bash completed
[tool] read
[tool] read completed
[tool] read
[tool] read completed
[tool] bash
[tool] bash completed
[tool] bash
[tool] bash completed
I found a charcoal-and-electric-blue palette in `nextweb`, plus animated rainbow borders in its chat UI. I’ll use those colors here, with rainbow accents on the branding, active tabs, and primary actions, while keeping the editor and output panes visually quiet for readability. I’ll also respect reduced-motion preferences.

[tool] todowrite
# Todos
[✓] Inspect both frontends and identify nextweb’s palette and rainbow treatments
[•] Apply the visual style while preserving workspace behavior and responsive layout
[ ] Run frontend checks and review the resulting changes

[tool] todowrite completed
[tool] bash
[tool] bash completed
[tool] bash
[tool] bash completed
[tool] glob
[tool] glob completed
[tool] bash
[tool] bash completed
[tool] read
[tool] read completed
[tool] read
[tool] read completed
[tool] apply_patch
[tool] apply_patch completed
The styling is applied, and the existing build and tests pass. I’ve reviewed the desktop and mobile workspace screenshots; the split-pane layout still works. I’m now checking the connection screen, keyboard focus, reduced-motion behavior, and a narrower 320px viewport.

[tool] todowrite
# Todos
[✓] Inspect both frontends and identify nextweb’s palette and rainbow treatments
[✓] Apply the visual style while preserving workspace behavior and responsive layout
[•] Run frontend checks and review the resulting changes

[tool] todowrite completed
[tool] bash
[tool] bash completed
[tool] apply_patch
[tool] apply_patch completed
[tool] read
[tool] read completed
[tool] read
[tool] bash
[tool] read completed
[tool] bash completed
[tool] bash
[tool] bash completed
[tool] todowrite
# Todos
[✓] Inspect both frontends and identify nextweb’s palette and rainbow treatments
[✓] Apply the visual style while preserving workspace behavior and responsive layout
[✓] Run frontend checks and review the resulting changes

[tool] todowrite completed
Applied `../nextweb`’s visual style here:

- Charcoal backgrounds, electric-blue actions, and brighter text.
- Rainbow accents on the logo, header, active tabs, and primary buttons.
- Refreshed connection screen with a gradient headline.
- Subtle animated logo border, disabled for reduced-motion preferences.

Kept the existing layout and functionality intact. Reviewed desktop/mobile screenshots and verified layouts down to 320px.

**Validation:** build/typecheck, 5 unit tests, and 8 browser tests all pass.

[spec-session] Accepted 00000000000000000002.json: msg_8849e35dee4fd2407235c6ff73f21f9c45fb500d42c0f01038dcd701bcbe8a58
[tool] bash
[tool] bash completed
I’ll commit the styling changes and browser test, then push `dev` to `origin`. I’ll leave the unrelated untracked files untouched.

[tool] bash
[tool] bash completed
Committed and pushed to `origin/dev`.

**Commit:** `500e9df` — `style(frontend): adopt nextweb palette and rainbow accents`

Includes the palette, rainbow styling, and browser test. Build, typecheck, and all 13 tests passed. Unrelated untracked files were left untouched.

[spec-session] Accepted 00000000000000000003.json: msg_3a91ad3cd374b1aa1b74f0c76ea870db35e6d1d194ca174639b9f3551bb3bac0
[tool] read
[tool] read completed
The styling changes are already committed and pushed as `500e9df`. I’ll now rebuild the Vite frontend and Rust release backend, then verify the rebuilt full stack starts and serves the updated UI.

[tool] bash
[tool] bash
[tool] bash
[tool] bash completed
[tool] bash completed
[tool] bash completed
[tool] bash
[tool] bash
[tool] bash completed
[tool] bash completed
Full-stack rebuild completed successfully.

- **Frontend:** rebuilt in `frontend/dist`
- **Backend:** release binary at `backend/target/release/spec`
- **Validation:** 24 tests passed, plus a release smoke test confirming the server serves the updated rainbow UI and API.

Styling commit `500e9df` is confirmed on `origin/dev`. No additional source changes needed committing.

Start the rebuilt stack with `./run.sh`. No existing server was restarted.

